15:09:15 **** Auto Build of configuration Release for project fft ****
make pre-build main-build 
a9-linaro-pre-build-step
 
Building file: ../src/helloworld.c
Invoking: ARM v7 gcc compiler
arm-none-eabi-gcc -Wall -O3 -c -fmessage-length=0 -MT"src/helloworld.o" -mcpu=cortex-a9 -mfpu=vfpv3 -mfloat-abi=hard -I../../crc_bsp/ps7_cortexa9_0/include -MMD -MP -MF"src/helloworld.d" -MT"src/helloworld.o" -o "src/helloworld.o" "../src/helloworld.c"
../src/helloworld.c: In function 'main':
../src/helloworld.c:334:23: warning: dereferencing type-punned pointer will break strict-aliasing rules [-Wstrict-aliasing]
                 if((*((unsigned int*)&RealOut[i]) != goldRealOut[i]) || (*((unsigned int*)&ImagOut[i]) != goldImagOut[i]))
                      ~^~~~~~~~~~~~~~~~~~~~~~~~~~~
../src/helloworld.c:334:76: warning: dereferencing type-punned pointer will break strict-aliasing rules [-Wstrict-aliasing]
                 if((*((unsigned int*)&RealOut[i]) != goldRealOut[i]) || (*((unsigned int*)&ImagOut[i]) != goldImagOut[i]))
                                                                           ~^~~~~~~~~~~~~~~~~~~~~~~~~~~
../src/helloworld.c:343:41: warning: dereferencing type-punned pointer will break strict-aliasing rules [-Wstrict-aliasing]
                           buffer[1] = *((uint32_t*)&i);
                                        ~^~~~~~~~~~~~~~
../src/helloworld.c:344:41: warning: dereferencing type-punned pointer will break strict-aliasing rules [-Wstrict-aliasing]
                           buffer[2] = *((uint32_t*)&RealOut[i]);
                                        ~^~~~~~~~~~~~~~~~~~~~~~~
../src/helloworld.c:345:41: warning: dereferencing type-punned pointer will break strict-aliasing rules [-Wstrict-aliasing]
                           buffer[3] = *((uint32_t*)&ImagOut[i]); // u32, float has 32 bits
                                        ~^~~~~~~~~~~~~~~~~~~~~~~
Finished building: ../src/helloworld.c
 
Building file: ../src/platform.c
Invoking: ARM v7 gcc compiler
arm-none-eabi-gcc -Wall -O3 -c -fmessage-length=0 -MT"src/platform.o" -mcpu=cortex-a9 -mfpu=vfpv3 -mfloat-abi=hard -I../../crc_bsp/ps7_cortexa9_0/include -MMD -MP -MF"src/platform.d" -MT"src/platform.o" -o "src/platform.o" "../src/platform.c"
Finished building: ../src/platform.c
 
Building target: fft.elf
Invoking: ARM v7 gcc linker
arm-none-eabi-gcc -mcpu=cortex-a9 -mfpu=vfpv3 -mfloat-abi=hard -Wl,-build-id=none -specs=Xilinx.spec -Wl,-T -Wl,../src/lscript.ld -L../../crc_bsp/ps7_cortexa9_0/lib -o "fft.elf"  ./src/helloworld.o ./src/platform.o   -lm -Wl,--start-group,-lxil,-lgcc,-lc,--end-group -Wl,--start-group,-lxilffs,-lxil,-lgcc,-lc,--end-group -Wl,--start-group,-lxil,-lmetal,-lgcc,-lc,--end-group
Finished building target: fft.elf
 
Invoking: ARM v7 Print Size
arm-none-eabi-size fft.elf  |tee "fft.elf.size"
   text	   data	    bss	    dec	    hex	filename
  63552	 264728	 809792	1138072	 115d98	fft.elf
Finished building: fft.elf.size
 

15:09:15 Build Finished (took 520ms)

