15:09:36 **** Auto Build of configuration Release for project qsort ****
make pre-build main-build 
a9-linaro-pre-build-step
 
Building file: ../src/helloworld.c
Invoking: ARM v7 gcc compiler
arm-none-eabi-gcc -Wall -O3 -c -fmessage-length=0 -MT"src/helloworld.o" -mcpu=cortex-a9 -mfpu=vfpv3 -mfloat-abi=hard -I../../crc_bsp/ps7_cortexa9_0/include -MMD -MP -MF"src/helloworld.d" -MT"src/helloworld.o" -o "src/helloworld.o" "../src/helloworld.c"
../src/helloworld.c: In function 'main':
../src/helloworld.c:126:14: warning: dereferencing type-punned pointer will break strict-aliasing rules [-Wstrict-aliasing]
   buffer[1]=*(unsigned int*)&rc;
              ^~~~~~~~~~~~~~~~~~
../src/helloworld.c:134:18: warning: dereferencing type-punned pointer will break strict-aliasing rules [-Wstrict-aliasing]
       buffer[1]=*(unsigned int*)&res;
                  ^~~~~~~~~~~~~~~~~~~
../src/helloworld.c:142:15: warning: dereferencing type-punned pointer will break strict-aliasing rules [-Wstrict-aliasing]
    buffer[1]=*(unsigned int*)&res;
               ^~~~~~~~~~~~~~~~~~~
../src/helloworld.c:173:19: warning: dereferencing type-punned pointer will break strict-aliasing rules [-Wstrict-aliasing]
             if (*((long long *)&distance[i]) != temp_gold[i])
                  ~^~~~~~~~~~~~~~~~~~~~~~~~~~
../src/helloworld.c:196:27: warning: dereferencing type-punned pointer will break strict-aliasing rules [-Wstrict-aliasing]
             buffer[1] = *((uint32_t*)&num_SDCs);
                          ~^~~~~~~~~~~~~~~~~~~~~
Finished building: ../src/helloworld.c
 
Building target: qsort.elf
Invoking: ARM v7 gcc linker
arm-none-eabi-gcc -mcpu=cortex-a9 -mfpu=vfpv3 -mfloat-abi=hard -Wl,-build-id=none -specs=Xilinx.spec -Wl,-T -Wl,../src/lscript.ld -L../../crc_bsp/ps7_cortexa9_0/lib -o "qsort.elf"  ./src/golden.o ./src/helloworld.o ./src/platform.o   -lm -Wl,--start-group,-lxil,-lgcc,-lc,--end-group -Wl,--start-group,-lxilffs,-lxil,-lgcc,-lc,--end-group -Wl,--start-group,-lxil,-lmetal,-lgcc,-lc,--end-group
Finished building target: qsort.elf
 
Invoking: ARM v7 Print Size
arm-none-eabi-size qsort.elf  |tee "qsort.elf.size"
   text	   data	    bss	    dec	    hex	filename
1667324	   2228	1426672	3096224	 2f3ea0	qsort.elf
Finished building: qsort.elf.size
 

15:09:36 Build Finished (took 216ms)

